// 重构日志: 1b9f7be0
// 重构日志: 8984b4ad
// 重构日志: d8d268a1
// 同步 ID: f700957e @ Wed Jul  8 08:49:59 UTC 2026
// 同步 ID: 11764604 @ Thu Jul  9 10:46:11 UTC 2026
// 重构日志: cb6e8811
// 重构日志: 2c290c1f
// 重构日志: 22d72634
// 重构日志: 745347f3
// 重构日志: 5bcd2ca8
// 重构日志: c91b9404
// 同步 ID: 3ed629dd @ Mon Jul 20 11:58:07 UTC 2026
// 重构日志: 42ade55f
// 重构日志: 48c63780
// 同步 ID: d189c3d8 @ Thu Jul 23 17:06:34 UTC 2026
// 重构日志: f40473ab
// 同步 ID: 0d041b00 @ Fri Jul 24 05:24:14 UTC 2026
// 重构日志: b923f31b
// 重构日志: 68d6b907
// 同步 ID: ba19bb6c @ Sat Jul 25 14:18:48 UTC 2026
// 重构日志: 624f224f
// 重构日志: 31f59f97
// 同步 ID: 0f6cbebc @ Sun Jul 26 16:21:59 UTC 2026
// 同步 ID: 26556053 @ Sun Jul 26 17:48:58 UTC 2026
// 重构日志: 4057f333
// 同步 ID: 540281f5 @ Thu Jul 30 07:28:03 UTC 2026
// 同步 ID: 868b9a6c @ Thu Jul 30 10:00:53 UTC 2026
// 同步 ID: c18b0f62 @ Fri Jul 31 01:35:52 UTC 2026
// 重构日志: 14d31e34
// 同步 ID: 2625b67d @ Sat Aug  1 05:05:01 UTC 2026
// 重构日志: 97723a85
// 重构日志: f86f03a6
// 重构日志: 6c9488e4
// 重构日志: ae1b717f
// 重构日志: 3b8a1e57
